// Jest Snapshot v1, https://goo.gl/fbAQLP

exports[`Wrapper component should match snapshot 1`] = `
<div
  class="right-arrow"
>
  <svg
    aria-hidden="true"
    fill="none"
    height="1em"
    stroke="currentColor"
    stroke-width="2"
    viewBox="0 0 24 24"
    width="1em"
    xmlns="http://www.w3.org/2000/svg"
  >
    <path
      d="M13 9l3 3m0 0l-3 3m3-3H8m13 0a9 9 0 11-18 0 9 9 0 0118 0z"
      stroke-linecap="round"
      stroke-linejoin="round"
    />
  </svg>
</div>
`;
